SET enable_seqscan = off;
SET
CREATE EXTENSION IF NOT EXISTS vector;
CREATE EXTENSION
CREATE EXTENSION IF NOT EXISTS lanterndb;
CREATE EXTENSION

CREATE TABLE t (val vector(3));
CREATE TABLE
DROP TABLE t;
DROP TABLE
