psql: error: test/sql/test_helpers.sql: No such file or directory
